---
source: tests/render.rs
expression: t.backend()
---
"┌ gensokyo ─────────────┐┌ 1 Reimu · ~/dev/gensokyo ───────────────────────────────────────────────────────────────────┐"
"│1 ○ Reimu              ││line 00                                                                                      │"
"│2 ○ Marisa             ││line 01     ~                                                                                │"
"│3 · Cirno              ││line 02     ~~                                                                               │"
"│                       ││line 03     ~~~                                                                              │"
"│                       ││line 04     ~~~~                                                                             │"
"│                       ││line 05     ~~~~~                                                                            │"
"│                       ││line 06     ~~~~~~                                                                           │"
"│                       ││line 07     ~~~~~~~                                                                          │"
"│                       ││line 08     ~~~~~~~~                                                                         │"
"│                       ││line 09     ~~~~~~~~~                                                                        │"
"│                       ││line 10     ~~~~~~~~~~                                                                       │"
"│                       ││line 11     ~~~~~~~~~~~                                                                      │"
"│                       ││line 12     ~~~~~~~~~~~~                                                                     │"
"│                       ││line 13     ~~~~~~~~~~~~~                                                                    │"
"│                       ││line 14     ~~~~~~~~~~~~~~                                                                   │"
"│                       ││line 15     ~~~~~~~~~~~~~~~                                                                  │"
"│                       ││line 16     ~~~~~~~~~~~~~~~~                                                                 │"
"│                       ││line 17     ~~~~~~~~~~~~~~~~~                                                                │"
"│                       ││line 18     ~~~~~~~~~~~~~~~~~~                                                               │"
"│                       ││line 19     ~~~~~~~~~~~~~~~~~~~                                                              │"
"│                       ││line 20                                                                                      │"
"│                       ││line 21     ~                                                                                │"
"│                       ││line 22     ~~                                                                               │"
"│                       ││line 23     ~~~                                                                              │"
"│                       ││line 24     ~~~~                                                                             │"
"│                       ││line 25     ~~~~~                                                                            │"
"│                       ││line 26     ~~~~~~                                                                           │"
"│^] then:               ││line 27     ~~~~~~~                                                                          │"
"│n summon    c cast     ││line 28     ~~~~~~~~                                                                         │"
"│b banish    r recall   ││line 29     ~~~~~~~~~                                                                        │"
"│t timetable x close    ││line 30     ~~~~~~~~~~                                                                       │"
"│j next      k previous ││line 31     ~~~~~~~~~~~                                                                      │"
"│a needs you [ scroll   ││line 32     ~~~~~~~~~~~~                                                                     │"
"│/ search    y copy last││line 33     ~~~~~~~~~~~~~                                                                    │"
"│1-9 slot    m mouse    ││line 34     ~~~~~~~~~~~~~~                                                                   │"
"│d detach    q quit     ││line 35     ~~~~~~~~~~~~~~~                                                                  │"
"│? help      ^] send ^] ││line 36     ~~~~~~~~~~~~~~~~                                                                 │"
"│[mouse: shrine m]      ││line 37     ~~~~~~~~~~~~~~~~~                                                                │"
"└───── esc cancels ─────┘└─────────────────────────────────────────────────────────────────────────────────────────────┘"
