---
source: tests/render.rs
expression: t.backend()
---
"┌ gensokyo ─────────────┐┌ 1 Reimu · ~/dev/gensokyo ───────────────────────────────────────────────────────────────────┐"
"│1 ○ Reimu              ││line 00                                                                                      │"
"│2 ○ Marisa             ││line 01     ~                                                                                │"
"│3 · Cirno              ││line 02     ~~                                                                               │"
"│                       ││line 03     ~~~                                                                              │"
"│                       ││line 04     ~~~~                                                                             │"
"│                       ││line 05     ~~~~~                                                                            │"
"│                       ││line 06     ~~~~~~                                                                           │"
"│                       ││line 07     ~~~~~~~                                                                          │"
"│                       ││line 08     ~~~~~~~~                                                                         │"
"│                       ││line 09     ~~~~~~~~~                                                                        │"
"│                       ││line 10     ~~~~~~~~~~                                                                       │"
"│                       ││line 11     ~~~~~~~~~~~                                                                      │"
"│                       ││line 12     ~~~~~~~~~~~~                                                                     │"
"│                       ││line 13     ~~~~~~~~~~~~~ ┌ help ─────────────────────────────────┐                          │"
"│                       ││line 14     ~~~~~~~~~~~~~~│ Ctrl-] then a key:                    │                          │"
"│                       ││line 15     ~~~~~~~~~~~~~~│   n  summon          b  banish        │                          │"
"│                       ││line 16     ~~~~~~~~~~~~~~│   r  recall          c  cast          │                          │"
"│                       ││line 17     ~~~~~~~~~~~~~~│   x  close           q  quit          │                          │"
"│                       ││line 18     ~~~~~~~~~~~~~~│   ?  help            m  mouse capture │                          │"
"│                       ││line 19     ~~~~~~~~~~~~~~│   d  detach                           │                          │"
"│                       ││line 20                   │   1-9  focus that slot                │                          │"
"│                       ││line 21     ~             │   Ctrl-]  a literal Ctrl-]            │                          │"
"│                       ││line 22     ~~            │ [close esc]                           │                          │"
"│                       ││line 23     ~~~           └───────────────────────────────────────┘                          │"
"│                       ││line 24     ~~~~                                                                             │"
"│                       ││line 25     ~~~~~                                                                            │"
"│                       ││line 26     ~~~~~~                                                                           │"
"│                       ││line 27     ~~~~~~~                                                                          │"
"│                       ││line 28     ~~~~~~~~                                                                         │"
"│                       ││line 29     ~~~~~~~~~                                                                        │"
"│                       ││line 30     ~~~~~~~~~~                                                                       │"
"│                       ││line 31     ~~~~~~~~~~~                                                                      │"
"│                       ││line 32     ~~~~~~~~~~~~                                                                     │"
"│                       ││line 33     ~~~~~~~~~~~~~                                                                    │"
"│[summon n] [banish b]  ││line 34     ~~~~~~~~~~~~~~                                                                   │"
"│[recall r] [cast c]    ││line 35     ~~~~~~~~~~~~~~~                                                                  │"
"│[quit q] [?]           ││line 36     ~~~~~~~~~~~~~~~~                                                                 │"
"│[mouse: shrine m]      ││line 37     ~~~~~~~~~~~~~~~~~                                                                │"
"└───────────────────────┘└─────────────────────────────────────────────────────────────────────────────────────────────┘"
