---
source: tests/render.rs
expression: t.backend()
---
"┌ gensokyo ─────────────┐┌ 1 Reimu · ~/dev/gensokyo ───────────────────────────┐"
"│1 ○ Reimu              ││line 00                                              │"
"│2 ○ Marisa             ││line 01     ~                                        │"
"│3 · Cirno              ││line 02     ~~                                       │"
"│                       ││line 03     ~~~                                      │"
"│                       ││li┌ slack-morning ───────────────────────────────┐   │"
"│                       ││li│ overnight Slack                              │   │"
"│                       ││li│ schedule  5 9 * * 1-5                        │   │"
"│                       ││li│ next      2026-09-22 09:05                   │   │"
"│                       ││li│ target    new                                │   │"
"│                       ││li│ in        ~/dev/mozart                       │   │"
"│                       ││li│ mode      acceptEdits                        │   │"
"│                       ││li│ tools     mcp__claude_ai_Slack__*, Read      │   │"
"│                       ││li│ probe     gh-prs                             │   │"
"│                       ││li│ last ran  13h ago                            │   │"
"│                       ││li│ ran (due 2026-09-21 09:05)                   │   │"
"│                       ││li│ a run of it is going now                     │   │"
"│⏲ evening-notes   23:00││li│ [run now r] [pause p] [remove x] [back esc]  │   │"
"│[summon n] [cast c]    ││li└──────────────────────────────────────────────┘   │"
"│[banish b] [recall r]  ││line 18     ~~~~~~~~~~~~~~~~~~                       │"
"│[timetable t] [quit q] ││line 19     ~~~~~~~~~~~~~~~~~~~                      │"
"│[?]                    ││line 20                                              │"
"│[mouse: shrine m]      ││line 21     ~                                        │"
"└──── ^] then a key ────┘└─────────────────────────────────────────────────────┘"
