---
source: tests/render.rs
expression: t.backend()
---
"┌ gensokyo ─────────────┐┌ the shrine is empty ────────────────────────────────────────────────────────────────────────┐"
"│                       ││                                                                                             │"
"│                       ││                                                                                             │"
"│                       ││                                                                                             │"
"│                       ││                                                                                             │"
"│                       ││                                                                                             │"
"│                       ││                                                                                             │"
"│                       ││                                                                                             │"
"│                       ││                                                                                             │"
"│                       ││                                                                                             │"
"│                       ││                                                                                             │"
"│                       ││                                                                                             │"
"│                       ││                                                                                             │"
"│                       ││                                                                                             │"
"│                       ││                        ╘══════════════════════════════════════════════╛                     │"
"│                       ││                            ╰───────╤──────────────────────╤───────╯                         │"
"│                       ││                                    ║    ┌────────────┐    ║                                 │"
"│                       ││                                    ║    │  幻 想 郷  │    ║                                 │" Hidden by multi-width symbols: [(71, " "), (74, " "), (77, " ")]
"│                       ││                               ═════╬════╧════════════╧════╬═════                            │"
"│                       ││                                    ║                      ║                                 │"
"│                       ││                                    ║       gensokyo       ║                                 │"
"│                       ││                                    ║                      ║                                 │"
"│                       ││                                   ╱╨╲                    ╱╨╲                                │"
"│                       ││                                                                                             │"
"│                       ││                                         [summon n]                                          │"
"│                       ││                                                                                             │"
"│                       ││                                                                                             │"
"│                       ││                                                                                             │"
"│                       ││                                                                                             │"
"│                       ││                                                                                             │"
"│                       ││                                                                                             │"
"│                       ││                                                                                             │"
"│                       ││                                                                                             │"
"│                       ││                                                                                             │"
"│                       ││                                                                                             │"
"│                       ││                                                                                             │"
"│[summon n] [banish b]  ││                                                                                             │"
"│[recall r] [quit q] [?]││                                                                                             │"
"│[mouse: shrine m]      ││                                                                                             │"
"└───────────────────────┘└─────────────────────────────────────────────────────────────────────────────────────────────┘"
