---
source: tests/render.rs
expression: t.backend()
---
"┌ gensokyo ─────────────┐┌ 1 Reimu · ~/dev/gensokyo ───────────────────────────────────────────────────────────────────┐"
"│1 ○ Reimu              ││line 00                                                                                      │"
"│2 ○ Marisa             ││line 01     ~                                                                                │"
"│3 · Cirno              ││line 02     ~~                                                                               │"
"│                       ││line 03     ~~~                                                                              │"
"│                       ││line 04     ~~~~                                                                             │"
"│                       ││line 05     ~~~~~                                                                            │"
"│                       ││line 06     ~~~~~~                                                                           │"
"│                       ││line 07     ~~~~~~~                                                                          │"
"│                       ││line 08     ~~~~~~~~                                                                         │"
"│                       ││line 09     ~~~~~~~~~                                                                        │"
"│                       ││line 10     ~~~~~~~~~~                                                                       │"
"│                       ││line 11     ~~~~~~~~~~~                                                                      │"
"│                       ││line 12     ~~~~~~~~~~~~                                                                     │"
"│                       ││line 13    ┌ broken ─────────────────────────────────────────────────────────────┐           │"
"│                       ││line 14    │ never comes round                                                   │           │"
"│                       ││line 15    │ schedule  0 0 30 2 *  (paused)                                      │           │"
"│                       ││line 16    │ next      paused                                                    │           │"
"│                       ││line 17    │ target    new                                                       │           │"
"│                       ││line 18    │ in        ~/dev/mozart                                              │           │"
"│                       ││line 19    │ last ran  never                                                     │           │"
"│                       ││line 20    │ schedule: 0 0 30 2 * never comes round (a date that does not exist, │           │"
"│                       ││line 21    │ like 30 February)                                                   │           │"
"│                       ││line 22    │ [run now r] [resume p] [remove x] [back esc]                        │           │"
"│                       ││line 23    └─────────────────────────────────────────────────────────────────────┘           │"
"│                       ││line 24     ~~~~                                                                             │"
"│                       ││line 25     ~~~~~                                                                            │"
"│                       ││line 26     ~~~~~~                                                                           │"
"│                       ││line 27     ~~~~~~~                                                                          │"
"│                       ││line 28     ~~~~~~~~                                                                         │"
"│                       ││line 29     ~~~~~~~~~                                                                        │"
"│                       ││line 30     ~~~~~~~~~~                                                                       │"
"│                       ││line 31     ~~~~~~~~~~~                                                                      │"
"│⏲ evening-notes   23:00││line 32     ~~~~~~~~~~~~                                                                     │"
"│[summon n] [cast c]    ││line 33     ~~~~~~~~~~~~~                                                                    │"
"│[banish b] [recall r]  ││line 34     ~~~~~~~~~~~~~~                                                                   │"
"│[timetable t] [quit q] ││line 35     ~~~~~~~~~~~~~~~                                                                  │"
"│[?]                    ││line 36     ~~~~~~~~~~~~~~~~                                                                 │"
"│[mouse: shrine m]      ││line 37     ~~~~~~~~~~~~~~~~~                                                                │"
"└───────────────────────┘└─────────────────────────────────────────────────────────────────────────────────────────────┘"
