---
source: tests/render.rs
expression: t.backend()
---
"┌ gensokyo ─────────────┐┌ 1 Reimu · ~/dev/gensokyo ───────────────────────────┐"
"│1 ○ Reimu              ││line 00                                              │"
"│2 ○ Marisa             ││line 01     ~                                        │"
"│3 · Cirno              ││line 02     ~~                                       │"
"│                       ││line 03     ~~~                                      │"
"│                       ││line 04     ~~~~                                     │"
"│                       ││line 05     ~~~~~                                    │"
"│                       ││line 06     ~~~~~~                                   │"
"│                       ││line 07     ~~~~~~~                                  │"
"│                       ││line 0┌ banish ──────────────────────────────┐       │"
"│                       ││line 0│ Banish Reimu?                        │       │"
"│                       ││line 1│ It gets HUP, then TERM, then KILL.   │       │"
"│                       ││line 1│ [banish y] [cancel n]                │       │"
"│                       ││line 1└──────────────────────────────────────┘       │"
"│                       ││line 13     ~~~~~~~~~~~~~                            │"
"│                       ││line 14     ~~~~~~~~~~~~~~                           │"
"│                       ││line 15     ~~~~~~~~~~~~~~~                          │"
"│                       ││line 16     ~~~~~~~~~~~~~~~~                         │"
"│                       ││line 17     ~~~~~~~~~~~~~~~~~                        │"
"│                       ││line 18     ~~~~~~~~~~~~~~~~~~                       │"
"│[summon n] [banish b]  ││line 19     ~~~~~~~~~~~~~~~~~~~                      │"
"│[recall r] [quit q] [?]││line 20                                              │"
"│[mouse: shrine m]      ││line 21     ~                                        │"
"└───────────────────────┘└─────────────────────────────────────────────────────┘"
