---
source: tests/render.rs
expression: t.backend()
---
"┌ gensokyo ─────────────┐┌ 1 Reimu · ~/dev/gensokyo ───────────────────────────────────────────────────────────────────┐"
"│1 ○ Reimu              ││line 00                                                                                      │"
"│2 ○ Marisa             ││line 01     ~                                                                                │"
"│3 · Cirno              ││line 02     ~~                                                                               │"
"│                       ││line 03     ~~~                                                                              │"
"│                       ││line 04     ~~~~                                                                             │"
"│                       ││line 05     ~~~~~                                                                            │"
"│                       ││line 06     ~~~~~~                                                                           │"
"│                       ││line 07     ~~~~~~~                                                                          │"
"│                       ││line 08     ~~~~~~~~                                                                         │"
"│                       ││line 09     ~~~~~~~~~                                                                        │"
"│                       ││line 10     ~~~~~~~~~~                                                                       │"
"│                       ││line 11     ~~~~~~~~~~~                                                                      │"
"│                       ││line 12     ~~~~~~~~~~~~                                                                     │"
"│                       ││line 13     ~~~~~~~~~~~~~                                                                    │"
"│                       ││line 14     ~~~~~~~~~~~~~~                                                                   │"
"│                       ││line 15     ~~~~~~~~~~~~~~~                                                                  │"
"│                       ││line 16     ~~~~~~~~~~~┌ quit ───────────────────────────────────────┐                       │"
"│                       ││line 17     ~~~~~~~~~~~│ Quit the shrine?                            │                       │"
"│                       ││line 18     ~~~~~~~~~~~│ Everyone gets /exit, then the daemon stops. │                       │"
"│                       ││line 19     ~~~~~~~~~~~│ [quit y] [cancel n]                         │                       │"
"│                       ││line 20                └─────────────────────────────────────────────┘                       │"
"│                       ││line 21     ~                                                                                │"
"│                       ││line 22     ~~                                                                               │"
"│                       ││line 23     ~~~                                                                              │"
"│                       ││line 24     ~~~~                                                                             │"
"│                       ││line 25     ~~~~~                                                                            │"
"│                       ││line 26     ~~~~~~                                                                           │"
"│                       ││line 27     ~~~~~~~                                                                          │"
"│                       ││line 28     ~~~~~~~~                                                                         │"
"│                       ││line 29     ~~~~~~~~~                                                                        │"
"│                       ││line 30     ~~~~~~~~~~                                                                       │"
"│                       ││line 31     ~~~~~~~~~~~                                                                      │"
"│                       ││line 32     ~~~~~~~~~~~~                                                                     │"
"│                       ││line 33     ~~~~~~~~~~~~~                                                                    │"
"│                       ││line 34     ~~~~~~~~~~~~~~                                                                   │"
"│[summon n] [banish b]  ││line 35     ~~~~~~~~~~~~~~~                                                                  │"
"│[recall r] [quit q] [?]││line 36     ~~~~~~~~~~~~~~~~                                                                 │"
"│[mouse: shrine m]      ││line 37     ~~~~~~~~~~~~~~~~~                                                                │"
"└───────────────────────┘└─────────────────────────────────────────────────────────────────────────────────────────────┘"
