---
source: tests/render.rs
expression: t.backend()
---
"┌ gensokyo ─────────────┐┌ 2 Marisa · ~/dev/scratch_repo · Opus 5.5→⚖ Opus · high · ⚡91% · $0.42 ─────────────────────┐" Hidden by multi-width symbols: [(85, " ")]
"│1 ● Reimu      Hai  12%││line 00                                                                                      │"
"│    ⎇ main             ││line 01     ~                                                                                │"
"│2 ✦ Marisa     Opu   8%││line 02     ~~                                                                               │"
"│3 · Cirno              ││line 03     ~~~                                                                              │"
"│4 ✧ Sakuya             ││line 04     ~~~~                                                                             │"
"│                       ││line 05     ~~~~~                                                                            │"
"│                       ││line 06     ~~~~~~                                                                           │"
"│                       ││line 07     ~~~~~~~                                                                          │"
"│                       ││line 08     ~~~~~~~~                                                                         │"
"│                       ││line 09     ~~~~~~~~~                                                                        │"
"│                       ││line 10     ~~~~~~~~~~                                                                       │"
"│                       ││line 11     ~~~~~~~~~~~                                                                      │"
"│                       ││line 12     ~~~~~~~~~~~~                                                                     │"
"│                       ││line 13     ~~~~~~~~~~~~~                                                                    │"
"│                       ││line 14     ~~~~~~~~~~~~~~                                                                   │"
"│                       ││line 15     ~~~~~~~~~~~~~~~                                                                  │"
"│                       ││line 16     ~~~~~~~~~~~~~~~~                                                                 │"
"│                       ││line 17     ~~~~~~~~~~~~~~~~~                                                                │"
"│                       ││line 18     ~~~~~~~~~~~~~~~~~~                                                               │"
"│                       ││line 19     ~~~~~~~~~~~~~~~~~~~                                                              │"
"│                       ││line 20                                                                                      │"
"│                       ││line 21     ~                                                                                │"
"│                       ││line 22     ~~                                                                               │"
"│                       ││line 23     ~~~                                                                              │"
"│                       ││line 24     ~~~~                                                                             │"
"│                       ││line 25     ~~~~~                                                                            │"
"│                       ││line 26     ~~~~~~                                                                           │"
"│                       ││line 27     ~~~~~~~                                                                          │"
"│                       ││line 28     ~~~~~~~~                                                                         │"
"│                       ││line 29     ~~~~~~~~~                                                                        │"
"│                       ││line 30     ~~~~~~~~~~                                                                       │"
"│5h ▓░░░░ 37% ↻2h11m    ││line 31     ~~~~~~~~~~~                                                                      │"
"│wk ▓▓▓░░ 62% ↻3d4h     ││line 32     ~~~~~~~~~~~~                                                                     │"
"│[summon n] [cast c]    ││line 33     ~~~~~~~~~~~~~                                                                    │"
"│[banish b] [recall r]  ││line 34     ~~~~~~~~~~~~~~                                                                   │"
"│[timetable t] [quit q] ││line 35     ~~~~~~~~~~~~~~~                                                                  │"
"│[?]                    ││line 36     ~~~~~~~~~~~~~~~~                                                                 │"
"│[mouse: shrine m]      ││line 37     ~~~~~~~~~~~~~~~~~                                                                │"
"└──── ^] then a key ────┘└─────────────────────────────────────────────────────────────────────────────────────────────┘"
