---
source: tests/render.rs
expression: t.backend()
---
"┌ gensokyo ─────────────┐┌ 1 Reimu · ~/dev/gensokyo ───────────────────────────────────────────────────────────────────┐"
"│1 ○ Reimu              ││line 00                                                                                      │"
"│2 ○ Marisa             ││line 01     ~                                                                                │"
"│3 · Cirno              ││line 02     ~~                                                                               │"
"│                       ││line 03     ~~~                                                                              │"
"│                       ││line 04     ~~~~                                                                             │"
"│                       ││line 05     ~~~~~                                                                            │"
"│                       ││line 06     ~~~~~~                                                                           │"
"│                       ││line 07     ~~~~~~~                                                                          │"
"│                       ││line 08     ~~~~~~~~                                                                         │"
"│                       ││line 09     ~~~~~~~~~                                                                        │"
"│                       ││line 10     ~~~~~~~~~~                                                                       │"
"│                       ││line 11     ~~~~~~~~~~~                                                                      │"
"│                       ││line 12     ~~~~~~~~~~~~                                                                     │"
"│                       ││line 13     ~~~~~~~~~~~~~                                                                    │"
"│                       ││line 14     ~~~~~~~~~~~~~~                                                                   │"
"│                       ││line 15     ~~~~~~~~~~~~~~~                                                                  │"
"│                       ││line 16     ~~~~~~~~~~~~~~~~                                                                 │"
"│                       ││line 17     ~~~~~~~~~~~~~~~~~                                                                │"
"│                       ││line 18     ~~~~~~~~~~~~~~~~~~                                                               │"
"│                       ││line 19     ~~~~~~~~~~~~~~~~~~~                                                              │"
"│                       ││line 20                                                                                      │"
"│                       ││line 21     ~                                                                                │"
"│                       ││line 22     ~~                                                                               │"
"│                       ││line 23     ~~~                                                                              │"
"│                       ││line 24     ~~~~                                                                             │"
"│                       ││line 25     ~~~~~                                                                            │"
"│^] then:               ││line 26     ~~~~~~                                                                           │"
"│n summon    c cast     ││line 27     ~~~~~~~                                                                          │"
"│b banish    r recall   ││line 28     ~~~~~~~~                                                                         │"
"│t timetable x close    ││line 29     ~~~~~~~~~                                                                        │"
"│u renew     j next     ││line 30     ~~~~~~~~~~                                                                       │"
"│k previous  a needs you││line 31     ~~~~~~~~~~~                                                                      │"
"│[ scroll    / search   ││line 32     ~~~~~~~~~~~~                                                                     │"
"│y copy last 1-9 slot   ││line 33     ~~~~~~~~~~~~~                                                                    │"
"│m mouse     d detach   ││line 34     ~~~~~~~~~~~~~~                                                                   │"
"│q quit      h history  ││line 35     ~~~~~~~~~~~~~~~                                                                  │"
"│? help      ^] send ^] ││line 36     ~~~~~~~~~~~~~~~~                                                                 │"
"│[mouse: shrine m]      ││line 37     ~~~~~~~~~~~~~~~~~                                                                │"
"└───── esc cancels ─────┘└─────────────────────────────────────────────────────────────────────────────────────────────┘"
