---
source: tests/render.rs
expression: t.backend()
---
"┌ gensokyo ─────────────┐┌ 1 Reimu · ~/dev/gensokyo ───────────────────────────┐"
"│1 ○ Reimu              ││line 00                                              │"
"│2 ○ Marisa             ││line 01     ~                                        │"
"│3 · Cirno              ││line 02     ~~                                       │"
"│                       ││line 03     ~~~                                      │"
"│                       ││line 04     ~~~~                                     │"
"│                       ││line 05     ~~~~~                                    │"
"│                       ││line 06     ~~~~~~                                   │"
"│                       ││line 07     ~~~~~~~                                  │"
"│                       ││line 08     ~~~~~~~~                                 │"
"│                       ││line 09     ~~~~~~~~~                                │"
"│                       ││line 10     ~~~~~~~~~~                               │"
"│^] then:               ││line 11     ~~~~~~~~~~~                              │"
"│n summon    c cast     ││line 12     ~~~~~~~~~~~~                             │"
"│b banish    r recall   ││line 13     ~~~~~~~~~~~~~                            │"
"│t timetable x close    ││line 14     ~~~~~~~~~~~~~~                           │"
"│j next      k previous ││line 15     ~~~~~~~~~~~~~~~                          │"
"│a needs you [ scroll   ││line 16     ~~~~~~~~~~~~~~~~                         │"
"│/ search    y copy last││line 17     ~~~~~~~~~~~~~~~~~                        │"
"│1-9 slot    m mouse    ││line 18     ~~~~~~~~~~~~~~~~~~                       │"
"│d detach    q quit     ││line 19     ~~~~~~~~~~~~~~~~~~~                      │"
"│? help      ^] send ^] ││line 20                                              │"
"│[mouse: shrine m]      ││line 21     ~                                        │"
"└───── esc cancels ─────┘└─────────────────────────────────────────────────────┘"
