---
source: tests/render.rs
expression: t.backend()
---
"┌ gensokyo ─────────────┐┌ the shrine is empty ────────────────────────────────┐"
"│                       ││                                                     │"
"│                       ││                                                     │"
"│                       ││                                                     │"
"│                       ││                                                     │"
"│                       ││                                                     │"
"│                       ││    ╘══════════════════════════════════════════════╛ │"
"│                       ││        ╰───────╤──────────────────────╤───────╯     │"
"│                       ││                ║    ┌────────────┐    ║             │"
"│                       ││                ║    │  幻 想 郷  │    ║             │" Hidden by multi-width symbols: [(51, " "), (54, " "), (57, " ")]
"│                       ││           ═════╬════╧════════════╧════╬═════        │"
"│                       ││                ║                      ║             │"
"│                       ││                ║       gensokyo       ║             │"
"│                       ││                ║                      ║             │"
"│                       ││               ╱╨╲                    ╱╨╲            │"
"│                       ││                                                     │"
"│                       ││                     [summon n]                      │"
"│                       ││                                                     │"
"│                       ││                                                     │"
"│[summon n] [banish b]  ││                                                     │"
"│[recall r] [cast c]    ││                                                     │"
"│[quit q] [?]           ││                                                     │"
"│[mouse: shrine m]      ││                                                     │"
"└───────────────────────┘└─────────────────────────────────────────────────────┘"
