---
source: tests/render.rs
expression: t.backend()
---
"┌ gensokyo ─────────────┐┌ 1 Reimu · ~/dev/gensokyo ⎇ nebel95/padlet-ai-summary-for-every-board ───────────────────────┐"
"│1 ○ Reimu              ││line 00                                                                                      │"
"│    ⎇ padlet-ai-summar…││line 01     ~                                                                                │"
"│4 └● Youmu             ││line 02     ~~                                                                               │"
"│     ⎇ fix-ci          ││line 03     ~~~                                                                              │"
"│5 └○ Hieda-no-Akyuu-the││line 04     ~~~~                                                                             │"
"│     ⎇ a1b2c3d         ││line 05     ~~~~~                                                                            │"
"│2 ○ Marisa             ││line 06     ~~~~~~                                                                           │"
"│    ⎇ main             ││line 07     ~~~~~~~                                                                          │"
"│3 · Cirno              ││line 08     ~~~~~~~~                                                                         │"
"│6 ○ Chen               ││line 09     ~~~~~~~~~                                                                        │"
"│                       ││line 10     ~~~~~~~~~~                                                                       │"
"│                       ││line 11     ~~~~~~~~~~~                                                                      │"
"│                       ││line 12     ~~~~~~~~~~~~                                                                     │"
"│                       ││line 13     ~~~~~~~~~~~~~                                                                    │"
"│                       ││line 14     ~~~~~~~~~~~~~~                                                                   │"
"│                       ││line 15     ~~~~~~~~~~~~~~~                                                                  │"
"│                       ││line 16     ~~~~~~~~~~~~~~~~                                                                 │"
"│                       ││line 17     ~~~~~~~~~~~~~~~~~                                                                │"
"│                       ││line 18     ~~~~~~~~~~~~~~~~~~                                                               │"
"│                       ││line 19     ~~~~~~~~~~~~~~~~~~~                                                              │"
"│                       ││line 20                                                                                      │"
"│                       ││line 21     ~                                                                                │"
"│                       ││line 22     ~~                                                                               │"
"│                       ││line 23     ~~~                                                                              │"
"│                       ││line 24     ~~~~                                                                             │"
"│                       ││line 25     ~~~~~                                                                            │"
"│                       ││line 26     ~~~~~~                                                                           │"
"│                       ││line 27     ~~~~~~~                                                                          │"
"│                       ││line 28     ~~~~~~~~                                                                         │"
"│                       ││line 29     ~~~~~~~~~                                                                        │"
"│                       ││line 30     ~~~~~~~~~~                                                                       │"
"│                       ││line 31     ~~~~~~~~~~~                                                                      │"
"│                       ││line 32     ~~~~~~~~~~~~                                                                     │"
"│[summon n] [cast c]    ││line 33     ~~~~~~~~~~~~~                                                                    │"
"│[banish b] [recall r]  ││line 34     ~~~~~~~~~~~~~~                                                                   │"
"│[timetable t] [quit q] ││line 35     ~~~~~~~~~~~~~~~                                                                  │"
"│[?]                    ││line 36     ~~~~~~~~~~~~~~~~                                                                 │"
"│[mouse: shrine m]      ││line 37     ~~~~~~~~~~~~~~~~~                                                                │"
"└──── ^] then a key ────┘└─────────────────────────────────────────────────────────────────────────────────────────────┘"
